// Jest Snapshot v1, https://goo.gl/fbAQLP

exports[`Header renders correctly with navigation and auth elements 1`] = `
<header
  className="bg-white"
>
  <nav
    aria-label="Global"
    className="mx-auto flex max-w-7xl items-center justify-between gap-x-6 p-6 lg:px-8"
  >
    <div
      className="flex lg:flex-1"
    >
      Logo
    </div>
    <div
      className="hidden lg:flex lg:gap-x-12"
    >
      <a
        className="inline-flex items-center px-1 pt-1 border-b-2 text-sm font-medium leading-5 focus:outline-none transition duration-150 ease-in-out border-transparent text-gray-500 hover:text-gray-700 hover:border-gray-300 focus:text-gray-700 focus:border-gray-300"
        href="/"
        onClick={[Function]}
        onMouseEnter={[Function]}
        onTouchStart={[Function]}
      >
        Home
      </a>
      <a
        className="inline-flex items-center px-1 pt-1 border-b-2 text-sm font-medium leading-5 focus:outline-none transition duration-150 ease-in-out border-transparent text-gray-500 hover:text-gray-700 hover:border-gray-300 focus:text-gray-700 focus:border-gray-300"
        href="/#Products"
        onClick={[Function]}
        onMouseEnter={[Function]}
        onTouchStart={[Function]}
      >
        Products
      </a>
    </div>
    <div
      className="flex flex-1 items-center justify-end gap-x-6"
    >
      <div>
        guestBlock
      </div>
    </div>
    <div
      className="flex lg:hidden"
    >
      <button
        className="flex items-center text-sm font-medium text-gray-500 transition duration-150 ease-in-out hover:text-gray-700 focus:outline-none"
        onClick={[Function]}
        type="button"
      >
        <svg
          aria-hidden="true"
          className="h-6 w-6"
          fill="none"
          stroke="currentColor"
          strokeWidth={1.5}
          viewBox="0 0 24 24"
          xmlns="http://www.w3.org/2000/svg"
        >
          <path
            d="M3.75 6.75h16.5M3.75 12h16.5m-16.5 5.25h16.5"
            strokeLinecap="round"
            strokeLinejoin="round"
          />
        </svg>
      </button>
    </div>
  </nav>
  <div
    style={
      {
        "borderWidth": "0",
        "clip": "rect(0, 0, 0, 0)",
        "display": "none",
        "height": 0,
        "left": 1,
        "margin": -1,
        "overflow": "hidden",
        "padding": 0,
        "position": "fixed",
        "top": 1,
        "whiteSpace": "nowrap",
        "width": 1,
      }
    }
  />
</header>
`;
